--------------------------------------------------------------------------------------
Timing Analyzer Summary
--------------------------------------------------------------------------------------

Type           : Worst-case tsu
Slack          : N/A
Required Time  : None
Actual Time    : 2.097 ns
From           : Input_Data_Line
To             : st_start_yes_s
From Clock     : --
To Clock       : System_Clock
Failed Paths   : 0

Type           : Worst-case tco
Slack          : N/A
Required Time  : None
Actual Time    : 7.994 ns
From           : D_trigger:parity_d_trigger|q
To             : parity_vp
From Clock     : System_Clock
To Clock       : --
Failed Paths   : 0

Type           : Worst-case th
Slack          : N/A
Required Time  : None
Actual Time    : 2.775 ns
From           : Input_Data_Line
To             : D_trigger:d_trigger_0|q
From Clock     : --
To Clock       : System_Clock
Failed Paths   : 0

Type           : Clock Setup: 'Main_PLL:PLL|altpll:altpll_component|_clk0'
Slack          : 3.608 ns
Required Time  : 100.00 MHz ( period = 10.000 ns )
Actual Time    : 156.45 MHz ( period = 6.392 ns )
From           : counter:cnt_1|cnt[0]
To             : st_start_yes_s
From Clock     : Main_PLL:PLL|altpll:altpll_component|_clk0
To Clock       : Main_PLL:PLL|altpll:altpll_component|_clk0
Failed Paths   : 0

Type           : Clock Hold: 'Main_PLL:PLL|altpll:altpll_component|_clk0'
Slack          : -2.653 ns
Required Time  : 100.00 MHz ( period = 10.000 ns )
Actual Time    : N/A
From           : cnt_en_s
To             : counter:cnt_1|cnt[0]
From Clock     : Main_PLL:PLL|altpll:altpll_component|_clk0
To Clock       : Main_PLL:PLL|altpll:altpll_component|_clk0
Failed Paths   : 12

Type           : Total number of failed paths
Slack          : 
Required Time  : 
Actual Time    : 
From           : 
To             : 
From Clock     : 
To Clock       : 
Failed Paths   : 12

--------------------------------------------------------------------------------------

